9/4/2025 11:01:46 AM [INFO] Loading theme 3.5inchTheme2 from res\themes\3.5inchTheme2\theme.yaml
9/4/2025 11:01:46 AM [WARNING] Cannot find valid DISPLAY_SIZE property in selected theme 3.5inchTheme2, defaulting to 3.5"
9/4/2025 11:01:46 AM [DEBUG] HW revision: A
9/4/2025 11:01:46 AM [DEBUG] Auto detected COM port: COM3
9/4/2025 11:12:33 AM [INFO] Loading theme 3.5inchTheme2 from res\themes\3.5inchTheme2\theme.yaml
9/4/2025 11:12:33 AM [WARNING] Cannot find valid DISPLAY_SIZE property in selected theme 3.5inchTheme2, defaulting to 3.5"
9/4/2025 11:12:33 AM [DEBUG] HW revision: A
9/4/2025 11:12:33 AM [DEBUG] Auto detected COM port: COM3
9/4/2025 11:12:33 AM [INFO] Display reset (COM port may change)...
9/4/2025 11:12:38 AM [DEBUG] Static COM port: COM3
9/4/2025 11:12:38 AM [DEBUG] HW sub-revision: SubRevision.USBMONITOR_3_5
9/4/2025 11:13:25 AM [INFO] Loading theme 3.5inchTheme2 from res\themes\3.5inchTheme2\theme.yaml
9/4/2025 11:13:25 AM [WARNING] Cannot find valid DISPLAY_SIZE property in selected theme 3.5inchTheme2, defaulting to 3.5"
9/4/2025 11:13:25 AM [DEBUG] HW revision: A
9/4/2025 11:13:25 AM [DEBUG] Auto detected COM port: COM3
9/4/2025 11:13:25 AM [INFO] Display reset (COM port may change)...
9/4/2025 11:13:30 AM [DEBUG] Static COM port: COM3
9/4/2025 11:13:30 AM [DEBUG] HW sub-revision: SubRevision.USBMONITOR_3_5
9/4/2025 11:14:19 AM [INFO] Loading theme 3.5inchTheme2 from res\themes\3.5inchTheme2\theme.yaml
9/4/2025 11:14:19 AM [WARNING] Cannot find valid DISPLAY_SIZE property in selected theme 3.5inchTheme2, defaulting to 3.5"
9/4/2025 11:14:19 AM [DEBUG] HW revision: A
9/4/2025 11:14:19 AM [DEBUG] Auto detected COM port: COM3
9/4/2025 11:14:19 AM [INFO] Display reset (COM port may change)...
9/4/2025 11:14:24 AM [DEBUG] Static COM port: COM3
9/4/2025 11:14:24 AM [DEBUG] HW sub-revision: SubRevision.USBMONITOR_3_5
9/4/2025 11:14:56 AM [INFO] Loading theme 3.5inchTheme2 from res\themes\3.5inchTheme2\theme.yaml
9/4/2025 11:14:56 AM [WARNING] Cannot find valid DISPLAY_SIZE property in selected theme 3.5inchTheme2, defaulting to 3.5"
9/4/2025 11:14:56 AM [DEBUG] HW revision: A
9/4/2025 11:14:56 AM [DEBUG] Auto detected COM port: COM3
9/4/2025 11:14:56 AM [INFO] Display reset (COM port may change)...
9/4/2025 11:15:01 AM [DEBUG] Static COM port: COM3
9/4/2025 11:15:01 AM [DEBUG] HW sub-revision: SubRevision.USBMONITOR_3_5
9/4/2025 11:15:36 AM [INFO] Loading theme 3.5inchTheme2 from res\themes\3.5inchTheme2\theme.yaml
9/4/2025 11:15:37 AM [WARNING] Cannot find valid DISPLAY_SIZE property in selected theme 3.5inchTheme2, defaulting to 3.5"
9/4/2025 11:15:37 AM [DEBUG] HW revision: A
9/4/2025 11:15:37 AM [DEBUG] Auto detected COM port: COM3
9/4/2025 11:15:37 AM [INFO] Display reset (COM port may change)...
9/4/2025 11:15:42 AM [DEBUG] Static COM port: COM3
9/4/2025 11:15:42 AM [DEBUG] HW sub-revision: SubRevision.USBMONITOR_3_5
9/4/2025 11:16:17 AM [INFO] Loading theme 3.5inchTheme2 from res\themes\3.5inchTheme2\theme.yaml
9/4/2025 11:16:17 AM [WARNING] Cannot find valid DISPLAY_SIZE property in selected theme 3.5inchTheme2, defaulting to 3.5"
9/4/2025 11:16:17 AM [DEBUG] HW revision: A
9/4/2025 11:16:17 AM [DEBUG] Auto detected COM port: COM3
9/4/2025 11:16:17 AM [INFO] Display reset (COM port may change)...
9/4/2025 11:16:22 AM [DEBUG] Static COM port: COM3
9/4/2025 11:16:22 AM [DEBUG] HW sub-revision: SubRevision.USBMONITOR_3_5
9/4/2025 11:16:59 AM [INFO] Loading theme 3.5inchTheme2 from res\themes\3.5inchTheme2\theme.yaml
9/4/2025 11:16:59 AM [WARNING] Cannot find valid DISPLAY_SIZE property in selected theme 3.5inchTheme2, defaulting to 3.5"
9/4/2025 11:16:59 AM [DEBUG] HW revision: A
9/4/2025 11:16:59 AM [DEBUG] Auto detected COM port: COM3
9/4/2025 11:17:57 AM [DEBUG] HW revision: A
9/4/2025 11:17:57 AM [DEBUG] Auto detected COM port: COM3
9/4/2025 11:19:17 AM [DEBUG] HW revision: A
9/4/2025 11:19:17 AM [DEBUG] Auto detected COM port: COM3
