2025-09-05 12:31:26,028 - turing - DEBUG - HW revision: A
2025-09-05 12:31:26,042 - turing - DEBUG - Auto detected COM port: COM3
2025-09-05 12:31:26,083 - __main__ - INFO - Press Ctrl+C to stop
2025-09-05 12:31:26,084 - spotipy.oauth2 - DEBUG - Sending POST request to https://accounts.spotify.com/api/token with Headers: {'Authorization': 'Basic OGUwMjIzZGVmNzZhNGUxY2JjNjM3NDI2OTY0MTA2NWI6MTA2NzhmOGRkOWIzNGYzZmIwOWIzYTJjNjgwZDc3YWE='} and Body: {'refresh_token': 'AQDlF0j1YfWemdUzHnaBWDGFLNoOyhQ0vhaGGLc-krYbAUbJ-4hdloNOZBWp5898XbRIg-U2fhL6mPjpMPbQKEstiKeJOOiDhJd7-JYuj9N6sUV9yJHm2BLCnxT4wxseg9M', 'grant_type': 'refresh_token'}
2025-09-05 12:31:26,085 - urllib3.connectionpool - DEBUG - Starting new HTTPS connection (1): accounts.spotify.com:443
2025-09-05 12:31:26,243 - urllib3.connectionpool - DEBUG - https://accounts.spotify.com:443 "POST /api/token HTTP/1.1" 200 None
2025-09-05 12:31:26,243 - spotipy.client - DEBUG - Sending GET to https://api.spotify.com/v1/me/ with Params: {} Headers: {'Authorization': 'Bearer BQCgGB360exo-EWNSwlBBbpDs1CSMkLfMNN59BuJmfro6DDqPXULAPFacupNxJp-40INgyUA_VD9IM49H_pwAq3Cl_8H8M9oO6sjR6pTdEbCdVd1IGIyeOeztDBSEu4-MCEjAtZtHKClkm7TO_VCaH-5M7PkUP_4bYT3tWoiW8-huWHbY7A5nEdNT6FHLNN2u6Ri4xOf7gYlt3GYhk1ouMR9cthsm4KM86KDZRZUEAXdQlFhLUiC7dM', 'Content-Type': 'application/json'} and Body: None
2025-09-05 12:31:26,243 - urllib3.connectionpool - DEBUG - Starting new HTTPS connection (1): api.spotify.com:443
2025-09-05 12:31:26,403 - urllib3.connectionpool - DEBUG - https://api.spotify.com:443 "GET /v1/me/ HTTP/1.1" 200 None
2025-09-05 12:31:26,403 - spotipy.client - DEBUG - RESULTS: {'display_name': 'Urg', 'external_urls': {'spotify': 'https://open.spotify.com/user/mbscj5dni0ssxbo2r5gg6kj3b'}, 'followers': {'href': None, 'total': 3}, 'href': 'https://api.spotify.com/v1/users/mbscj5dni0ssxbo2r5gg6kj3b', 'id': 'mbscj5dni0ssxbo2r5gg6kj3b', 'images': [{'height': 300, 'url': 'https://i.scdn.co/image/ab6775700000ee85ae29c1e9a3ce6305c7125aa0', 'width': 300}, {'height': 64, 'url': 'https://i.scdn.co/image/ab67757000003b82ae29c1e9a3ce6305c7125aa0', 'width': 64}], 'type': 'user', 'uri': 'spotify:user:mbscj5dni0ssxbo2r5gg6kj3b'}
2025-09-05 12:31:39,561 - spotipy.client - DEBUG - Sending GET to https://api.spotify.com/v1/me/player with Params: {'market': None, 'additional_types': None} Headers: {'Authorization': 'Bearer BQCgGB360exo-EWNSwlBBbpDs1CSMkLfMNN59BuJmfro6DDqPXULAPFacupNxJp-40INgyUA_VD9IM49H_pwAq3Cl_8H8M9oO6sjR6pTdEbCdVd1IGIyeOeztDBSEu4-MCEjAtZtHKClkm7TO_VCaH-5M7PkUP_4bYT3tWoiW8-huWHbY7A5nEdNT6FHLNN2u6Ri4xOf7gYlt3GYhk1ouMR9cthsm4KM86KDZRZUEAXdQlFhLUiC7dM', 'Content-Type': 'application/json'} and Body: None
2025-09-05 12:31:39,620 - urllib3.connectionpool - DEBUG - https://api.spotify.com:443 "GET /v1/me/player HTTP/1.1" 204 0
2025-09-05 12:31:39,620 - spotipy.client - DEBUG - RESULTS: None
2025-09-05 12:31:39,627 - spotipy.client - DEBUG - Sending GET to https://api.spotify.com/v1/me/player with Params: {'market': None, 'additional_types': None} Headers: {'Authorization': 'Bearer BQCgGB360exo-EWNSwlBBbpDs1CSMkLfMNN59BuJmfro6DDqPXULAPFacupNxJp-40INgyUA_VD9IM49H_pwAq3Cl_8H8M9oO6sjR6pTdEbCdVd1IGIyeOeztDBSEu4-MCEjAtZtHKClkm7TO_VCaH-5M7PkUP_4bYT3tWoiW8-huWHbY7A5nEdNT6FHLNN2u6Ri4xOf7gYlt3GYhk1ouMR9cthsm4KM86KDZRZUEAXdQlFhLUiC7dM', 'Content-Type': 'application/json'} and Body: None
2025-09-05 12:31:39,696 - urllib3.connectionpool - DEBUG - https://api.spotify.com:443 "GET /v1/me/player HTTP/1.1" 204 0
2025-09-05 12:31:39,696 - spotipy.client - DEBUG - RESULTS: None
2025-09-05 12:31:40,697 - spotipy.client - DEBUG - Sending GET to https://api.spotify.com/v1/me/player with Params: {'market': None, 'additional_types': None} Headers: {'Authorization': 'Bearer BQCgGB360exo-EWNSwlBBbpDs1CSMkLfMNN59BuJmfro6DDqPXULAPFacupNxJp-40INgyUA_VD9IM49H_pwAq3Cl_8H8M9oO6sjR6pTdEbCdVd1IGIyeOeztDBSEu4-MCEjAtZtHKClkm7TO_VCaH-5M7PkUP_4bYT3tWoiW8-huWHbY7A5nEdNT6FHLNN2u6Ri4xOf7gYlt3GYhk1ouMR9cthsm4KM86KDZRZUEAXdQlFhLUiC7dM', 'Content-Type': 'application/json'} and Body: None
2025-09-05 12:31:40,759 - urllib3.connectionpool - DEBUG - https://api.spotify.com:443 "GET /v1/me/player HTTP/1.1" 204 0
2025-09-05 12:31:40,759 - spotipy.client - DEBUG - RESULTS: None
2025-09-05 12:31:41,766 - spotipy.client - DEBUG - Sending GET to https://api.spotify.com/v1/me/player with Params: {'market': None, 'additional_types': None} Headers: {'Authorization': 'Bearer BQCgGB360exo-EWNSwlBBbpDs1CSMkLfMNN59BuJmfro6DDqPXULAPFacupNxJp-40INgyUA_VD9IM49H_pwAq3Cl_8H8M9oO6sjR6pTdEbCdVd1IGIyeOeztDBSEu4-MCEjAtZtHKClkm7TO_VCaH-5M7PkUP_4bYT3tWoiW8-huWHbY7A5nEdNT6FHLNN2u6Ri4xOf7gYlt3GYhk1ouMR9cthsm4KM86KDZRZUEAXdQlFhLUiC7dM', 'Content-Type': 'application/json'} and Body: None
2025-09-05 12:31:41,831 - urllib3.connectionpool - DEBUG - https://api.spotify.com:443 "GET /v1/me/player HTTP/1.1" 204 0
2025-09-05 12:31:41,831 - spotipy.client - DEBUG - RESULTS: None
2025-09-05 12:31:42,836 - spotipy.client - DEBUG - Sending GET to https://api.spotify.com/v1/me/player with Params: {'market': None, 'additional_types': None} Headers: {'Authorization': 'Bearer BQCgGB360exo-EWNSwlBBbpDs1CSMkLfMNN59BuJmfro6DDqPXULAPFacupNxJp-40INgyUA_VD9IM49H_pwAq3Cl_8H8M9oO6sjR6pTdEbCdVd1IGIyeOeztDBSEu4-MCEjAtZtHKClkm7TO_VCaH-5M7PkUP_4bYT3tWoiW8-huWHbY7A5nEdNT6FHLNN2u6Ri4xOf7gYlt3GYhk1ouMR9cthsm4KM86KDZRZUEAXdQlFhLUiC7dM', 'Content-Type': 'application/json'} and Body: None
2025-09-05 12:31:42,898 - urllib3.connectionpool - DEBUG - https://api.spotify.com:443 "GET /v1/me/player HTTP/1.1" 204 0
2025-09-05 12:31:42,899 - spotipy.client - DEBUG - RESULTS: None
2025-09-05 12:31:43,905 - spotipy.client - DEBUG - Sending GET to https://api.spotify.com/v1/me/player with Params: {'market': None, 'additional_types': None} Headers: {'Authorization': 'Bearer BQCgGB360exo-EWNSwlBBbpDs1CSMkLfMNN59BuJmfro6DDqPXULAPFacupNxJp-40INgyUA_VD9IM49H_pwAq3Cl_8H8M9oO6sjR6pTdEbCdVd1IGIyeOeztDBSEu4-MCEjAtZtHKClkm7TO_VCaH-5M7PkUP_4bYT3tWoiW8-huWHbY7A5nEdNT6FHLNN2u6Ri4xOf7gYlt3GYhk1ouMR9cthsm4KM86KDZRZUEAXdQlFhLUiC7dM', 'Content-Type': 'application/json'} and Body: None
2025-09-05 12:31:43,968 - urllib3.connectionpool - DEBUG - https://api.spotify.com:443 "GET /v1/me/player HTTP/1.1" 204 0
2025-09-05 12:31:43,968 - spotipy.client - DEBUG - RESULTS: None
2025-09-05 12:31:44,975 - spotipy.client - DEBUG - Sending GET to https://api.spotify.com/v1/me/player with Params: {'market': None, 'additional_types': None} Headers: {'Authorization': 'Bearer BQCgGB360exo-EWNSwlBBbpDs1CSMkLfMNN59BuJmfro6DDqPXULAPFacupNxJp-40INgyUA_VD9IM49H_pwAq3Cl_8H8M9oO6sjR6pTdEbCdVd1IGIyeOeztDBSEu4-MCEjAtZtHKClkm7TO_VCaH-5M7PkUP_4bYT3tWoiW8-huWHbY7A5nEdNT6FHLNN2u6Ri4xOf7gYlt3GYhk1ouMR9cthsm4KM86KDZRZUEAXdQlFhLUiC7dM', 'Content-Type': 'application/json'} and Body: None
2025-09-05 12:31:45,038 - urllib3.connectionpool - DEBUG - https://api.spotify.com:443 "GET /v1/me/player HTTP/1.1" 204 0
2025-09-05 12:31:45,038 - spotipy.client - DEBUG - RESULTS: None
2025-09-05 12:31:46,040 - spotipy.client - DEBUG - Sending GET to https://api.spotify.com/v1/me/player with Params: {'market': None, 'additional_types': None} Headers: {'Authorization': 'Bearer BQCgGB360exo-EWNSwlBBbpDs1CSMkLfMNN59BuJmfro6DDqPXULAPFacupNxJp-40INgyUA_VD9IM49H_pwAq3Cl_8H8M9oO6sjR6pTdEbCdVd1IGIyeOeztDBSEu4-MCEjAtZtHKClkm7TO_VCaH-5M7PkUP_4bYT3tWoiW8-huWHbY7A5nEdNT6FHLNN2u6Ri4xOf7gYlt3GYhk1ouMR9cthsm4KM86KDZRZUEAXdQlFhLUiC7dM', 'Content-Type': 'application/json'} and Body: None
2025-09-05 12:31:46,100 - urllib3.connectionpool - DEBUG - https://api.spotify.com:443 "GET /v1/me/player HTTP/1.1" 204 0
2025-09-05 12:31:46,107 - spotipy.client - DEBUG - RESULTS: None
2025-09-05 12:31:47,107 - spotipy.client - DEBUG - Sending GET to https://api.spotify.com/v1/me/player with Params: {'market': None, 'additional_types': None} Headers: {'Authorization': 'Bearer BQCgGB360exo-EWNSwlBBbpDs1CSMkLfMNN59BuJmfro6DDqPXULAPFacupNxJp-40INgyUA_VD9IM49H_pwAq3Cl_8H8M9oO6sjR6pTdEbCdVd1IGIyeOeztDBSEu4-MCEjAtZtHKClkm7TO_VCaH-5M7PkUP_4bYT3tWoiW8-huWHbY7A5nEdNT6FHLNN2u6Ri4xOf7gYlt3GYhk1ouMR9cthsm4KM86KDZRZUEAXdQlFhLUiC7dM', 'Content-Type': 'application/json'} and Body: None
2025-09-05 12:31:47,172 - urllib3.connectionpool - DEBUG - https://api.spotify.com:443 "GET /v1/me/player HTTP/1.1" 204 0
2025-09-05 12:31:47,172 - spotipy.client - DEBUG - RESULTS: None
2025-09-05 12:31:48,181 - spotipy.client - DEBUG - Sending GET to https://api.spotify.com/v1/me/player with Params: {'market': None, 'additional_types': None} Headers: {'Authorization': 'Bearer BQCgGB360exo-EWNSwlBBbpDs1CSMkLfMNN59BuJmfro6DDqPXULAPFacupNxJp-40INgyUA_VD9IM49H_pwAq3Cl_8H8M9oO6sjR6pTdEbCdVd1IGIyeOeztDBSEu4-MCEjAtZtHKClkm7TO_VCaH-5M7PkUP_4bYT3tWoiW8-huWHbY7A5nEdNT6FHLNN2u6Ri4xOf7gYlt3GYhk1ouMR9cthsm4KM86KDZRZUEAXdQlFhLUiC7dM', 'Content-Type': 'application/json'} and Body: None
2025-09-05 12:31:48,239 - urllib3.connectionpool - DEBUG - https://api.spotify.com:443 "GET /v1/me/player HTTP/1.1" 204 0
2025-09-05 12:31:48,239 - spotipy.client - DEBUG - RESULTS: None
2025-09-05 12:31:49,246 - spotipy.client - DEBUG - Sending GET to https://api.spotify.com/v1/me/player with Params: {'market': None, 'additional_types': None} Headers: {'Authorization': 'Bearer BQCgGB360exo-EWNSwlBBbpDs1CSMkLfMNN59BuJmfro6DDqPXULAPFacupNxJp-40INgyUA_VD9IM49H_pwAq3Cl_8H8M9oO6sjR6pTdEbCdVd1IGIyeOeztDBSEu4-MCEjAtZtHKClkm7TO_VCaH-5M7PkUP_4bYT3tWoiW8-huWHbY7A5nEdNT6FHLNN2u6Ri4xOf7gYlt3GYhk1ouMR9cthsm4KM86KDZRZUEAXdQlFhLUiC7dM', 'Content-Type': 'application/json'} and Body: None
2025-09-05 12:31:49,309 - urllib3.connectionpool - DEBUG - https://api.spotify.com:443 "GET /v1/me/player HTTP/1.1" 204 0
2025-09-05 12:31:49,309 - spotipy.client - DEBUG - RESULTS: None
2025-09-05 12:31:50,309 - spotipy.client - DEBUG - Sending GET to https://api.spotify.com/v1/me/player with Params: {'market': None, 'additional_types': None} Headers: {'Authorization': 'Bearer BQCgGB360exo-EWNSwlBBbpDs1CSMkLfMNN59BuJmfro6DDqPXULAPFacupNxJp-40INgyUA_VD9IM49H_pwAq3Cl_8H8M9oO6sjR6pTdEbCdVd1IGIyeOeztDBSEu4-MCEjAtZtHKClkm7TO_VCaH-5M7PkUP_4bYT3tWoiW8-huWHbY7A5nEdNT6FHLNN2u6Ri4xOf7gYlt3GYhk1ouMR9cthsm4KM86KDZRZUEAXdQlFhLUiC7dM', 'Content-Type': 'application/json'} and Body: None
2025-09-05 12:31:50,372 - urllib3.connectionpool - DEBUG - https://api.spotify.com:443 "GET /v1/me/player HTTP/1.1" 204 0
2025-09-05 12:31:50,372 - spotipy.client - DEBUG - RESULTS: None
2025-09-05 12:31:51,378 - spotipy.client - DEBUG - Sending GET to https://api.spotify.com/v1/me/player with Params: {'market': None, 'additional_types': None} Headers: {'Authorization': 'Bearer BQCgGB360exo-EWNSwlBBbpDs1CSMkLfMNN59BuJmfro6DDqPXULAPFacupNxJp-40INgyUA_VD9IM49H_pwAq3Cl_8H8M9oO6sjR6pTdEbCdVd1IGIyeOeztDBSEu4-MCEjAtZtHKClkm7TO_VCaH-5M7PkUP_4bYT3tWoiW8-huWHbY7A5nEdNT6FHLNN2u6Ri4xOf7gYlt3GYhk1ouMR9cthsm4KM86KDZRZUEAXdQlFhLUiC7dM', 'Content-Type': 'application/json'} and Body: None
2025-09-05 12:31:51,441 - urllib3.connectionpool - DEBUG - https://api.spotify.com:443 "GET /v1/me/player HTTP/1.1" 204 0
2025-09-05 12:31:51,441 - spotipy.client - DEBUG - RESULTS: None
2025-09-05 12:31:52,448 - spotipy.client - DEBUG - Sending GET to https://api.spotify.com/v1/me/player with Params: {'market': None, 'additional_types': None} Headers: {'Authorization': 'Bearer BQCgGB360exo-EWNSwlBBbpDs1CSMkLfMNN59BuJmfro6DDqPXULAPFacupNxJp-40INgyUA_VD9IM49H_pwAq3Cl_8H8M9oO6sjR6pTdEbCdVd1IGIyeOeztDBSEu4-MCEjAtZtHKClkm7TO_VCaH-5M7PkUP_4bYT3tWoiW8-huWHbY7A5nEdNT6FHLNN2u6Ri4xOf7gYlt3GYhk1ouMR9cthsm4KM86KDZRZUEAXdQlFhLUiC7dM', 'Content-Type': 'application/json'} and Body: None
2025-09-05 12:31:52,511 - urllib3.connectionpool - DEBUG - https://api.spotify.com:443 "GET /v1/me/player HTTP/1.1" 204 0
2025-09-05 12:31:52,511 - spotipy.client - DEBUG - RESULTS: None
2025-09-05 12:31:53,532 - spotipy.client - DEBUG - Sending GET to https://api.spotify.com/v1/me/player with Params: {'market': None, 'additional_types': None} Headers: {'Authorization': 'Bearer BQCgGB360exo-EWNSwlBBbpDs1CSMkLfMNN59BuJmfro6DDqPXULAPFacupNxJp-40INgyUA_VD9IM49H_pwAq3Cl_8H8M9oO6sjR6pTdEbCdVd1IGIyeOeztDBSEu4-MCEjAtZtHKClkm7TO_VCaH-5M7PkUP_4bYT3tWoiW8-huWHbY7A5nEdNT6FHLNN2u6Ri4xOf7gYlt3GYhk1ouMR9cthsm4KM86KDZRZUEAXdQlFhLUiC7dM', 'Content-Type': 'application/json'} and Body: None
2025-09-05 12:31:53,588 - urllib3.connectionpool - DEBUG - https://api.spotify.com:443 "GET /v1/me/player HTTP/1.1" 204 0
2025-09-05 12:31:53,594 - spotipy.client - DEBUG - RESULTS: None
